<?xml version="1.0" encoding="utf-8"?><testsuites><testsuite name="pytest" errors="0" failures="0" skipped="0" tests="2" time="0.013" timestamp="2025-05-21T16:20:23.568041+02:00" hostname="klapp-0356"><testcase classname="tests.test_sample" name="test_addition" time="0.000" /><testcase classname="tests.test_sample" name="test_subtraction" time="0.000" /></testsuite></testsuites>